[assembly: System.Runtime.Versioning.TargetFrameworkAttribute(".NETFramework,Version=v4.5.2", FrameworkDisplayName=".NET Framework 4.5.2")]
namespace NServiceBus.Metrics.ServiceControl
{
    public interface IReportNativeQueueLength
    {
        System.Collections.Generic.IEnumerable<string> MonitoredQueues { get; }
        void ReportQueueLength(string physicalQueueName, long queueLength);
    }
}
namespace NServiceBus
{
    public class static MetricsOptionsExtensions
    {
        public static void SendMetricDataToServiceControl(this NServiceBus.MetricsOptions options, string serviceControlMetricsAddress, System.TimeSpan interval, string instanceId = null) { }
        public static void SetServiceControlMetricsMessageTTBR(this NServiceBus.MetricsOptions options, System.TimeSpan timeToBeReceived) { }
    }
}